// Jest Snapshot v1, https://goo.gl/fbAQLP

exports[`<App /> renders correctly 1`] = `
"<div>
  <h2>
    Loot Check
  </h2>
  <hr />
  <Connect(Wallet) />
  <hr />
  <Connect(Loot) />
  <div>
    rates calculated with 
    <a target=\\"_blank\\" href=\\"https://www.coindesk.com/price\\">
      Coindesk
    </a>
  </div>
</div>"
`;
